// Jest Snapshot v1, https://goo.gl/fbAQLP

exports[`DataTableHeader Renders 1`] = `
<View
  style={
    Array [
      Object {
        "alignItems": "center",
        "flexDirection": "row",
        "height": 64,
        "minWidth": "auto",
        "paddingVertical": 20,
        "width": "100%",
      },
      undefined,
    ]
  }
>
  <View
    style={
      Array [
        Object {
          "alignItems": "center",
          "flexDirection": "row",
          "justifyContent": "space-between",
          "width": "100%",
        },
        Object {
          "paddingLeft": 16,
          "paddingRight": 16,
        },
      ]
    }
  >
    <View
      style={
        Object {
          "alignItems": "center",
          "flexDirection": "row",
        }
      }
    />
  </View>
</View>
`;
