// Jest Snapshot v1, https://goo.gl/fbAQLP

exports[`DataTableHeader Renders 1`] = `
<View
  style={
    Array [
      Object {
        "alignItems": "center",
        "flexDirection": "row",
        "height": 64,
        "minWidth": "auto",
        "paddingHorizontal": 16,
        "width": "100%",
      },
      undefined,
    ]
  }
>
  <View
    style={
      Object {
        "alignItems": "center",
        "flexDirection": "row",
        "justifyContent": "space-between",
        "width": "100%",
      }
    }
  >
    <View
      style={
        Object {
          "alignItems": "center",
          "flexDirection": "row",
        }
      }
    />
  </View>
</View>
`;
