// Jest Snapshot v1, https://goo.gl/fbAQLP

exports[`Drawer Renders 1`] = `
<View
  style={
    Array [
      Object {
        "backgroundColor": "white",
        "shadowColor": "#000",
        "shadowOffset": Object {
          "height": 4,
          "width": 0,
        },
        "shadowOpacity": 0.3,
        "shadowRadius": 4.65,
      },
      undefined,
    ]
  }
>
  <RCTScrollView>
    <View />
  </RCTScrollView>
</View>
`;
