// Jest Snapshot v1, https://goo.gl/fbAQLP

exports[`MenuItem Renders 1`] = `
<View
  accessible={true}
  isTVSelectable={true}
  onResponderGrant={[Function]}
  onResponderMove={[Function]}
  onResponderRelease={[Function]}
  onResponderTerminate={[Function]}
  onResponderTerminationRequest={[Function]}
  onStartShouldSetResponder={[Function]}
  style={
    Array [
      Object {
        "flex": 1,
        "height": 48,
        "justifyContent": "center",
        "minWidth": 124,
        "width": "100%",
      },
      undefined,
    ]
  }
>
  <Text
    ellipsizeMode="clip"
    numberOfLines={1}
    style={
      Array [
        Object {
          "fontSize": 14,
          "fontWeight": "400",
          "paddingHorizontal": 16,
        },
        undefined,
      ]
    }
  />
</View>
`;
