// Jest Snapshot v1, https://goo.gl/fbAQLP

exports[`renders correctly 1`] = `
<Text
  style={
    Object {
      "color": "rgba(0, 0, 0, 0.87)",
      "fontSize": 60,
      "fontWeight": "300",
      "letterSpacing": -0.5,
      "lineHeight": 60,
    }
  }
  typographyStyles={
    Object {
      "fontSize": 60,
      "fontWeight": "300",
      "letterSpacing": -0.5,
      "lineHeight": 60,
    }
  }
/>
`;
