// Jest Snapshot v1, https://goo.gl/fbAQLP

exports[`it renders Overline 1`] = `
<Text
  style={
    Object {
      "color": "rgba(0, 0, 0, 0.87)",
      "fontSize": 10,
      "letterSpacing": 1.5,
      "lineHeight": 10,
      "textTransform": "uppercase",
    }
  }
  typographyStyles={
    Object {
      "fontSize": 10,
      "letterSpacing": 1.5,
      "lineHeight": 10,
      "textTransform": "uppercase",
    }
  }
>
  Overline
</Text>
`;
