// Jest Snapshot v1, https://goo.gl/fbAQLP

exports[`List Renders 1`] = `
<View
  style={
    Object {
      "backgroundColor": "#fff",
      "borderRadius": 2,
      "shadowColor": "#000",
      "shadowOffset": Object {
        "height": 0,
        "width": 0,
      },
      "shadowOpacity": 0,
      "shadowRadius": 1,
    }
  }
/>
`;
