// Jest Snapshot v1, https://goo.gl/fbAQLP

exports[`Badge Renders 1`] = `
<View
  style={
    Array [
      Object {
        "alignItems": "flex-start",
        "alignSelf": "flex-start",
        "height": "auto",
        "maxHeight": "auto",
        "maxWidth": "auto",
        "minHeight": "auto",
        "minWidth": "auto",
        "position": "relative",
        "width": "auto",
      },
      undefined,
    ]
  }
>
  <View
    onLayout={[Function]}
  />
  <View
    numberOfLines={1}
    style={
      Object {
        "alignItems": "center",
        "backgroundColor": "#1e88e5",
        "borderRadius": 16,
        "height": 16,
        "justifyContent": "center",
        "left": "auto",
        "position": "relative",
        "right": "auto",
        "top": 0,
        "transform": Array [
          Object {
            "scale": 0,
          },
        ],
        "width": 16,
      }
    }
    visible={true}
  >
    <Text
      style={
        Array [
          Object {
            "alignItems": "center",
            "alignSelf": "center",
            "justifyContent": "center",
          },
          Object {
            "color": "white",
            "fontSize": 8,
          },
        ]
      }
    />
  </View>
</View>
`;
