// Jest Snapshot v1, https://goo.gl/fbAQLP

exports[`TextFieldLabel Renders 1`] = `
<Text
  style={
    Object {
      "backgroundColor": "transparent",
      "color": "rgba(0, 0, 0, 0.54)",
      "marginLeft": 0,
      "paddingHorizontal": 0,
      "position": "absolute",
      "transform": Array [
        Object {
          "scale": 1,
        },
        Object {
          "translateY": 20,
        },
        Object {
          "translateX": 11,
        },
      ],
      "zIndex": 10,
    }
  }
/>
`;
